Component: ARM Compiler 6.14 Tool: armlink [5db06800]

==============================================================================

Section Cross References

    startup.o(STACK) refers (Special) to heapauxi.o(.text) for __use_two_region_memory
    startup.o(HEAP) refers (Special) to heapauxi.o(.text) for __use_two_region_memory
    startup.o(RESET) refers (Special) to heapauxi.o(.text) for __use_two_region_memory
    startup.o(RESET) refers to startup.o(STACK) for StackMem
    startup.o(RESET) refers to main.o(main) for __main
    startup.o(RESET) refers to dist_pulse_init.o(distance) for GPTM0A_HANDLER
    startup.o(RESET) refers to motor_gptm_isr.o(isr) for GPTM5A_HANDLER
    startup.o(.text) refers (Special) to heapauxi.o(.text) for __use_two_region_memory
    startup.o(.text) refers to startup.o(HEAP) for HeapMem
    startup.o(.text) refers to startup.o(STACK) for StackMem
    main.o(main) refers to screen_init.o(screen) for SCREEN_INIT
    main.o(main) refers to screen.o(screen) for SCREEN_ALWYS
    main.o(main) refers to keypad_init.o(init_gpio) for KEYPAD_INIT
    main.o(main) refers to pot_gpio_init.o(init_gpio) for POT_GPIO_INIT
    main.o(main) refers to pot_adc_init.o(init_adc) for POT_ADC_INIT
    main.o(main) refers to motor_gpio_init.o(init_gpio) for MOTOR_GPIO_INIT
    main.o(main) refers to motor_gptm_init.o(init_isr) for MOTOR_GPTM_INIT
    main.o(main) refers to dist_pulse_init.o(distance) for DIST_PULSE_INIT
    main.o(main) refers to dist_edge_init.o(distance) for DIST_EDGE_INIT
    main.o(main) refers to switch_init.o(init_gpio) for SWITCH_INIT
    main.o(main) refers to distance.o(distance) for DISTANCE
    main.o(main) refers to pot_adc.o(pot) for POT_ADC
    main.o(main) refers to delay100.o(subroutine) for DELAY100
    main.o(main) refers to keypad.o(keypad) for KEYPAD
    dist_pulse_init.o(distance) refers to delay100.o(subroutine) for DELAY100
    distance.o(distance) refers (Special) to littledelay.o(subroutine) for littledelay
    screen.o(screen) refers (Special) to screen_init.o(screen) for SCREEN_INIT
    screen.o(screen) refers to screen_func.o(screen) for SCR_XY
    keypad.o(keypad) refers (Special) to keypad_init.o(init_gpio) for KEYPAD_INIT
    keypad.o(keypad) refers to screen.o(screen) for SCREEN_KEY
    keypad.o(keypad) refers to delay100.o(subroutine) for DELAY100
    keypad.o(keypad) refers to littledelay.o(subroutine) for littledelay
    screen_init.o(screen) refers (Special) to screen_func.o(screen) for SCR_CHAR
    screen_init.o(screen) refers to delay100.o(subroutine) for DELAY100


==============================================================================

Removing Unused input sections from the image.

    Removing startup.o(HEAP), (0 bytes).
    Removing startup.o(.text), (48 bytes).

2 unused section(s) (total 48 bytes) removed from the image.

==============================================================================

Image Symbol Table

    Local Symbols

    Symbol Name                              Value     Ov Type        Size  Object(Section)

    ../clib/heapaux.c                        0x00000000   Number         0  heapauxi.o ABSOLUTE
    DELAY100.s                               0x00000000   Number         0  delay100.o ABSOLUTE
    DISTANCE.s                               0x00000000   Number         0  distance.o ABSOLUTE
    DIST_EDGE_INIT.s                         0x00000000   Number         0  dist_edge_init.o ABSOLUTE
    DIST_PULSE_INIT.s                        0x00000000   Number         0  dist_pulse_init.o ABSOLUTE
    KEYPAD.s                                 0x00000000   Number         0  keypad.o ABSOLUTE
    KEYPAD_INIT.s                            0x00000000   Number         0  keypad_init.o ABSOLUTE
    MOTOR_GPIO_INIT.s                        0x00000000   Number         0  motor_gpio_init.o ABSOLUTE
    MOTOR_GPTM_INIT.s                        0x00000000   Number         0  motor_gptm_init.o ABSOLUTE
    MOTOR_GPTM_ISR.s                         0x00000000   Number         0  motor_gptm_isr.o ABSOLUTE
    POT_ADC.s                                0x00000000   Number         0  pot_adc.o ABSOLUTE
    POT_ADC_INIT.s                           0x00000000   Number         0  pot_adc_init.o ABSOLUTE
    POT_GPIO_INIT.s                          0x00000000   Number         0  pot_gpio_init.o ABSOLUTE
    SCREEN.s                                 0x00000000   Number         0  screen.o ABSOLUTE
    SCREEN_FUNC.s                            0x00000000   Number         0  screen_func.o ABSOLUTE
    SCREEN_INIT.s                            0x00000000   Number         0  screen_init.o ABSOLUTE
    SWITCH_INIT.s                            0x00000000   Number         0  switch_init.o ABSOLUTE
    Startup.s                                0x00000000   Number         0  startup.o ABSOLUTE
    dc.s                                     0x00000000   Number         0  dc.o ABSOLUTE
    littledelay.s                            0x00000000   Number         0  littledelay.o ABSOLUTE
    main.s                                   0x00000000   Number         0  main.o ABSOLUTE
    RESET                                    0x00000000   Section      652  startup.o(RESET)
    $v0                                      0x0000026c   Number         0  startup.o(RESET)
    .text                                    0x0000028c   Section        0  heapauxi.o(.text)
    $v0                                      0x00000294   Number         0  dist_edge_init.o(distance)
    distance                                 0x00000294   Section      196  dist_edge_init.o(distance)
    $v0                                      0x00000358   Number         0  dist_pulse_init.o(distance)
    distance                                 0x00000358   Section      308  dist_pulse_init.o(distance)
    $v0                                      0x0000048c   Number         0  distance.o(distance)
    distance                                 0x0000048c   Section      156  distance.o(distance)
    $v0                                      0x00000528   Number         0  pot_adc_init.o(init_adc)
    init_adc                                 0x00000528   Section       84  pot_adc_init.o(init_adc)
    $v0                                      0x0000057c   Number         0  pot_gpio_init.o(init_gpio)
    init_gpio                                0x0000057c   Section      100  pot_gpio_init.o(init_gpio)
    $v0                                      0x000005e0   Number         0  switch_init.o(init_gpio)
    init_gpio                                0x000005e0   Section      148  switch_init.o(init_gpio)
    $v0                                      0x00000674   Number         0  motor_gpio_init.o(init_gpio)
    init_gpio                                0x00000674   Section       92  motor_gpio_init.o(init_gpio)
    $v0                                      0x000006d0   Number         0  keypad_init.o(init_gpio)
    init_gpio                                0x000006d0   Section      196  keypad_init.o(init_gpio)
    $v0                                      0x00000794   Number         0  motor_gptm_init.o(init_isr)
    init_isr                                 0x00000794   Section      148  motor_gptm_init.o(init_isr)
    $v0                                      0x00000828   Number         0  motor_gptm_isr.o(isr)
    isr                                      0x00000828   Section       40  motor_gptm_isr.o(isr)
    $v0                                      0x00000850   Number         0  keypad.o(keypad)
    keypad                                   0x00000850   Section      316  keypad.o(keypad)
    $v0                                      0x0000098c   Number         0  main.o(main)
    main                                     0x0000098c   Section      424  main.o(main)
    NORMALMODE                               0x000009fb   Thumb Code    80  main.o(main)
    THRESHOLDMODE                            0x00000a4b   Thumb Code   126  main.o(main)
    BREAKINGMODE                             0x00000ac9   Thumb Code    68  main.o(main)
    $v0                                      0x00000b34   Number         0  pot_adc.o(pot)
    pot                                      0x00000b34   Section       96  pot_adc.o(pot)
    $v0                                      0x00000b94   Number         0  screen.o(screen)
    screen                                   0x00000b94   Section     1628  screen.o(screen)
    DISP_NORMAL                              0x00000c99   Thumb Code   326  screen.o(screen)
    DISP_THR                                 0x00000de5   Thumb Code   358  screen.o(screen)
    DISP_BRK                                 0x00000f4b   Thumb Code   326  screen.o(screen)
    DISP_BAR                                 0x00001091   Thumb Code   136  screen.o(screen)
    $v0                                      0x000011f0   Number         0  screen_init.o(screen)
    screen                                   0x000011f0   Section      328  screen_init.o(screen)
    ASCII                                    0x00001338   Data           5  screen_func.o(screen)
    screen                                   0x00001338   Section      652  screen_func.o(screen)
    $v0                                      0x00001514   Number         0  screen_func.o(screen)
    $v0                                      0x000015c4   Number         0  delay100.o(subroutine)
    subroutine                               0x000015c4   Section       20  delay100.o(subroutine)
    $v0                                      0x000015d8   Number         0  littledelay.o(subroutine)
    subroutine                               0x000015d8   Section       20  littledelay.o(subroutine)
    StackMem                                 0x20000000   Data           0  startup.o(STACK)
    STACK                                    0x20000000   Section     1024  startup.o(STACK)

    Global Symbols

    Symbol Name                              Value     Ov Type        Size  Object(Section)

    BuildAttributes$$THM_ISAv4$E$P$D$K$B$S$7EM$VFPi3$EXTD16$VFPS$VFMA$PE$A:L22UL41UL21$X:L11$S22US41US21$IEEE1$IW$~IW$USESV6$~STKCKD$USESV7$~SHL$OSPACE$ROPI$EBA8$STANDARDLIB$REQ8$EABIv2 0x00000000   Number         0  anon$$obj.o ABSOLUTE
    __Vectors                                0x00000000   Data           0  startup.o(RESET)
    Reset_Handler                            0x0000026d   Thumb Code     0  startup.o(RESET)
    NMI_Handler                              0x00000271   Thumb Code     2  startup.o(RESET)
    HardFault_Handler                        0x00000273   Thumb Code     2  startup.o(RESET)
    MemManage_Handler                        0x00000275   Thumb Code     2  startup.o(RESET)
    BusFault_Handler                         0x00000277   Thumb Code     2  startup.o(RESET)
    UsageFault_Handler                       0x00000279   Thumb Code     2  startup.o(RESET)
    SVC_Handler                              0x0000027b   Thumb Code     2  startup.o(RESET)
    DebugMon_Handler                         0x0000027d   Thumb Code     2  startup.o(RESET)
    PendSV_Handler                           0x0000027f   Thumb Code     2  startup.o(RESET)
    SysTick_Handler                          0x00000281   Thumb Code     2  startup.o(RESET)
    Timer0A_Handler                          0x00000283   Thumb Code     4  startup.o(RESET)
    Timer5A_Handler                          0x00000287   Thumb Code     4  startup.o(RESET)
    ADC0Seq0_Handler                         0x0000028b   Thumb Code     0  startup.o(RESET)
    ADC0Seq1_Handler                         0x0000028b   Thumb Code     0  startup.o(RESET)
    ADC0Seq2_Handler                         0x0000028b   Thumb Code     0  startup.o(RESET)
    ADC0Seq3_Handler                         0x0000028b   Thumb Code     0  startup.o(RESET)
    ADC1Seq0_Handler                         0x0000028b   Thumb Code     0  startup.o(RESET)
    ADC1Seq1_Handler                         0x0000028b   Thumb Code     0  startup.o(RESET)
    ADC1Seq2_Handler                         0x0000028b   Thumb Code     0  startup.o(RESET)
    ADC1Seq3_Handler                         0x0000028b   Thumb Code     0  startup.o(RESET)
    CAN0_Handler                             0x0000028b   Thumb Code     0  startup.o(RESET)
    CAN1_Handler                             0x0000028b   Thumb Code     0  startup.o(RESET)
    CAN2_Handler                             0x0000028b   Thumb Code     0  startup.o(RESET)
    Comp0_Handler                            0x0000028b   Thumb Code     0  startup.o(RESET)
    Comp1_Handler                            0x0000028b   Thumb Code     0  startup.o(RESET)
    Comp2_Handler                            0x0000028b   Thumb Code     0  startup.o(RESET)
    Ethernet_Handler                         0x0000028b   Thumb Code     0  startup.o(RESET)
    ExtBus_Handler                           0x0000028b   Thumb Code     0  startup.o(RESET)
    FPU_Handler                              0x0000028b   Thumb Code     0  startup.o(RESET)
    Fan0_Handler                             0x0000028b   Thumb Code     0  startup.o(RESET)
    FlashCtl_Handler                         0x0000028b   Thumb Code     0  startup.o(RESET)
    GPIOPortA_Handler                        0x0000028b   Thumb Code     0  startup.o(RESET)
    GPIOPortB_Handler                        0x0000028b   Thumb Code     0  startup.o(RESET)
    GPIOPortC_Handler                        0x0000028b   Thumb Code     0  startup.o(RESET)
    GPIOPortD_Handler                        0x0000028b   Thumb Code     0  startup.o(RESET)
    GPIOPortE_Handler                        0x0000028b   Thumb Code     0  startup.o(RESET)
    GPIOPortF_Handler                        0x0000028b   Thumb Code     0  startup.o(RESET)
    GPIOPortG_Handler                        0x0000028b   Thumb Code     0  startup.o(RESET)
    GPIOPortH_Handler                        0x0000028b   Thumb Code     0  startup.o(RESET)
    GPIOPortJ_Handler                        0x0000028b   Thumb Code     0  startup.o(RESET)
    GPIOPortK_Handler                        0x0000028b   Thumb Code     0  startup.o(RESET)
    GPIOPortL_Handler                        0x0000028b   Thumb Code     0  startup.o(RESET)
    GPIOPortM_Handler                        0x0000028b   Thumb Code     0  startup.o(RESET)
    GPIOPortN_Handler                        0x0000028b   Thumb Code     0  startup.o(RESET)
    GPIOPortP1_Handler                       0x0000028b   Thumb Code     0  startup.o(RESET)
    GPIOPortP2_Handler                       0x0000028b   Thumb Code     0  startup.o(RESET)
    GPIOPortP3_Handler                       0x0000028b   Thumb Code     0  startup.o(RESET)
    GPIOPortP4_Handler                       0x0000028b   Thumb Code     0  startup.o(RESET)
    GPIOPortP5_Handler                       0x0000028b   Thumb Code     0  startup.o(RESET)
    GPIOPortP6_Handler                       0x0000028b   Thumb Code     0  startup.o(RESET)
    GPIOPortP7_Handler                       0x0000028b   Thumb Code     0  startup.o(RESET)
    GPIOPortP_Handler                        0x0000028b   Thumb Code     0  startup.o(RESET)
    GPIOPortQ1_Handler                       0x0000028b   Thumb Code     0  startup.o(RESET)
    GPIOPortQ2_Handler                       0x0000028b   Thumb Code     0  startup.o(RESET)
    GPIOPortQ3_Handler                       0x0000028b   Thumb Code     0  startup.o(RESET)
    GPIOPortQ4_Handler                       0x0000028b   Thumb Code     0  startup.o(RESET)
    GPIOPortQ5_Handler                       0x0000028b   Thumb Code     0  startup.o(RESET)
    GPIOPortQ6_Handler                       0x0000028b   Thumb Code     0  startup.o(RESET)
    GPIOPortQ7_Handler                       0x0000028b   Thumb Code     0  startup.o(RESET)
    GPIOPortQ_Handler                        0x0000028b   Thumb Code     0  startup.o(RESET)
    GPIOPortR_Handler                        0x0000028b   Thumb Code     0  startup.o(RESET)
    GPIOPortS_Handler                        0x0000028b   Thumb Code     0  startup.o(RESET)
    Hibernate_Handler                        0x0000028b   Thumb Code     0  startup.o(RESET)
    I2C0_Handler                             0x0000028b   Thumb Code     0  startup.o(RESET)
    I2C1_Handler                             0x0000028b   Thumb Code     0  startup.o(RESET)
    I2C2_Handler                             0x0000028b   Thumb Code     0  startup.o(RESET)
    I2C3_Handler                             0x0000028b   Thumb Code     0  startup.o(RESET)
    I2C4_Handler                             0x0000028b   Thumb Code     0  startup.o(RESET)
    I2C5_Handler                             0x0000028b   Thumb Code     0  startup.o(RESET)
    I2S0_Handler                             0x0000028b   Thumb Code     0  startup.o(RESET)
    LPC0_Handler                             0x0000028b   Thumb Code     0  startup.o(RESET)
    PECI0_Handler                            0x0000028b   Thumb Code     0  startup.o(RESET)
    PWM0Fault_Handler                        0x0000028b   Thumb Code     0  startup.o(RESET)
    PWM0Generator0_Handler                   0x0000028b   Thumb Code     0  startup.o(RESET)
    PWM0Generator1_Handler                   0x0000028b   Thumb Code     0  startup.o(RESET)
    PWM0Generator2_Handler                   0x0000028b   Thumb Code     0  startup.o(RESET)
    PWM0Generator3_Handler                   0x0000028b   Thumb Code     0  startup.o(RESET)
    PWM1Fault_Handler                        0x0000028b   Thumb Code     0  startup.o(RESET)
    PWM1Generator0_Handler                   0x0000028b   Thumb Code     0  startup.o(RESET)
    PWM1Generator1_Handler                   0x0000028b   Thumb Code     0  startup.o(RESET)
    PWM1Generator2_Handler                   0x0000028b   Thumb Code     0  startup.o(RESET)
    PWM1Generator3_Handler                   0x0000028b   Thumb Code     0  startup.o(RESET)
    Quadrature0_Handler                      0x0000028b   Thumb Code     0  startup.o(RESET)
    Quadrature1_Handler                      0x0000028b   Thumb Code     0  startup.o(RESET)
    Quadrature2_Handler                      0x0000028b   Thumb Code     0  startup.o(RESET)
    SSI0_Handler                             0x0000028b   Thumb Code     0  startup.o(RESET)
    SSI1_Handler                             0x0000028b   Thumb Code     0  startup.o(RESET)
    SSI2_Handler                             0x0000028b   Thumb Code     0  startup.o(RESET)
    SSI3_Handler                             0x0000028b   Thumb Code     0  startup.o(RESET)
    SysCtl_Handler                           0x0000028b   Thumb Code     0  startup.o(RESET)
    Timer0B_Handler                          0x0000028b   Thumb Code     0  startup.o(RESET)
    Timer1A_Handler                          0x0000028b   Thumb Code     0  startup.o(RESET)
    Timer1B_Handler                          0x0000028b   Thumb Code     0  startup.o(RESET)
    Timer2A_Handler                          0x0000028b   Thumb Code     0  startup.o(RESET)
    Timer2B_Handler                          0x0000028b   Thumb Code     0  startup.o(RESET)
    Timer3A_Handler                          0x0000028b   Thumb Code     0  startup.o(RESET)
    Timer3B_Handler                          0x0000028b   Thumb Code     0  startup.o(RESET)
    Timer4A_Handler                          0x0000028b   Thumb Code     0  startup.o(RESET)
    Timer4B_Handler                          0x0000028b   Thumb Code     0  startup.o(RESET)
    Timer5B_Handler                          0x0000028b   Thumb Code     0  startup.o(RESET)
    UART0_Handler                            0x0000028b   Thumb Code     0  startup.o(RESET)
    UART1_Handler                            0x0000028b   Thumb Code     0  startup.o(RESET)
    UART2_Handler                            0x0000028b   Thumb Code     0  startup.o(RESET)
    UART3_Handler                            0x0000028b   Thumb Code     0  startup.o(RESET)
    UART4_Handler                            0x0000028b   Thumb Code     0  startup.o(RESET)
    UART5_Handler                            0x0000028b   Thumb Code     0  startup.o(RESET)
    UART6_Handler                            0x0000028b   Thumb Code     0  startup.o(RESET)
    UART7_Handler                            0x0000028b   Thumb Code     0  startup.o(RESET)
    USB0_Handler                             0x0000028b   Thumb Code     0  startup.o(RESET)
    WDT_Handler                              0x0000028b   Thumb Code     0  startup.o(RESET)
    WideTimer0A_Handler                      0x0000028b   Thumb Code     0  startup.o(RESET)
    WideTimer0B_Handler                      0x0000028b   Thumb Code     0  startup.o(RESET)
    WideTimer1A_Handler                      0x0000028b   Thumb Code     0  startup.o(RESET)
    WideTimer1B_Handler                      0x0000028b   Thumb Code     0  startup.o(RESET)
    WideTimer2A_Handler                      0x0000028b   Thumb Code     0  startup.o(RESET)
    WideTimer2B_Handler                      0x0000028b   Thumb Code     0  startup.o(RESET)
    WideTimer3A_Handler                      0x0000028b   Thumb Code     0  startup.o(RESET)
    WideTimer3B_Handler                      0x0000028b   Thumb Code     0  startup.o(RESET)
    WideTimer4A_Handler                      0x0000028b   Thumb Code     0  startup.o(RESET)
    WideTimer4B_Handler                      0x0000028b   Thumb Code     0  startup.o(RESET)
    WideTimer5A_Handler                      0x0000028b   Thumb Code     0  startup.o(RESET)
    WideTimer5B_Handler                      0x0000028b   Thumb Code     0  startup.o(RESET)
    uDMA_Error                               0x0000028b   Thumb Code     0  startup.o(RESET)
    uDMA_Handler                             0x0000028b   Thumb Code     0  startup.o(RESET)
    __use_two_region_memory                  0x0000028d   Thumb Code     2  heapauxi.o(.text)
    __rt_heap_escrow$2region                 0x0000028f   Thumb Code     2  heapauxi.o(.text)
    __rt_heap_expand$2region                 0x00000291   Thumb Code     2  heapauxi.o(.text)
    DIST_EDGE_INIT                           0x00000295   Thumb Code   144  dist_edge_init.o(distance)
    GPTM0A_HANDLER                           0x00000359   Thumb Code    62  dist_pulse_init.o(distance)
    DIST_PULSE_INIT                          0x00000397   Thumb Code   174  dist_pulse_init.o(distance)
    DISTANCE                                 0x0000048d   Thumb Code   136  distance.o(distance)
    POT_ADC_INIT                             0x00000529   Thumb Code    62  pot_adc_init.o(init_adc)
    POT_GPIO_INIT                            0x0000057d   Thumb Code    74  pot_gpio_init.o(init_gpio)
    SWITCH_INIT                              0x000005e1   Thumb Code    96  switch_init.o(init_gpio)
    MOTOR_GPIO_INIT                          0x00000675   Thumb Code    66  motor_gpio_init.o(init_gpio)
    KEYPAD_INIT                              0x000006d1   Thumb Code   134  keypad_init.o(init_gpio)
    MOTOR_GPTM_INIT                          0x00000795   Thumb Code   108  motor_gptm_init.o(init_isr)
    GPTM5A_HANDLER                           0x00000829   Thumb Code    32  motor_gptm_isr.o(isr)
    KEYPAD                                   0x00000851   Thumb Code     0  keypad.o(keypad)
    __main                                   0x0000098d   Thumb Code   110  main.o(main)
    POT_ADC                                  0x00000b35   Thumb Code    70  pot_adc.o(pot)
    SCREEN_ALWYS                             0x00000b95   Thumb Code   220  screen.o(screen)
    DISPLAY                                  0x00000c71   Thumb Code    40  screen.o(screen)
    SCREEN_KEY                               0x00001119   Thumb Code    70  screen.o(screen)
    SCREEN_POT                               0x0000115f   Thumb Code    70  screen.o(screen)
    CLEAR4                                   0x000011a5   Thumb Code    70  screen.o(screen)
    SCREEN_INIT                              0x000011f1   Thumb Code   272  screen_init.o(screen)
    SCR_BYTE                                 0x00001515   Thumb Code     2  screen_func.o(screen)
    SCR_CHAR                                 0x00001529   Thumb Code     2  screen_func.o(screen)
    SCR_XY                                   0x0000156d   Thumb Code     2  screen_func.o(screen)
    DELAY100                                 0x000015c5   Thumb Code     0  delay100.o(subroutine)
    littledelay                              0x000015d9   Thumb Code     0  littledelay.o(subroutine)



==============================================================================

Memory Map of the image

  Image Entry point : 0x0000026d

  Load Region LR_1 (Base: 0x00000000, Size: 0x000019f0, Max: 0xffffffff, ABSOLUTE)

    Execution Region ER_RO (Exec base: 0x00000000, Load base: 0x00000000, Size: 0x000015ec, Max: 0xffffffff, ABSOLUTE)

    Exec Addr    Load Addr    Size         Type   Attr      Idx    E Section Name        Object

    0x00000000   0x00000000   0x0000028c   Code   RO            3  * RESET               startup.o
    0x0000028c   0x0000028c   0x00000006   Code   RO           82    .text               c_w.l(heapauxi.o)
    0x00000292   0x00000292   0x00000002   PAD
    0x00000294   0x00000294   0x000000c4   Code   RO           35    distance            dist_edge_init.o
    0x00000358   0x00000358   0x00000134   Code   RO           39    distance            dist_pulse_init.o
    0x0000048c   0x0000048c   0x0000009c   Code   RO           43    distance            distance.o
    0x00000528   0x00000528   0x00000054   Code   RO           20    init_adc            pot_adc_init.o
    0x0000057c   0x0000057c   0x00000064   Code   RO           16    init_gpio           pot_gpio_init.o
    0x000005e0   0x000005e0   0x00000094   Code   RO           24    init_gpio           switch_init.o
    0x00000674   0x00000674   0x0000005c   Code   RO           47    init_gpio           motor_gpio_init.o
    0x000006d0   0x000006d0   0x000000c4   Code   RO           66    init_gpio           keypad_init.o
    0x00000794   0x00000794   0x00000094   Code   RO           51    init_isr            motor_gptm_init.o
    0x00000828   0x00000828   0x00000028   Code   RO           55    isr                 motor_gptm_isr.o
    0x00000850   0x00000850   0x0000013c   Code   RO           63    keypad              keypad.o
    0x0000098c   0x0000098c   0x000001a8   Code   RO           12    main                main.o
    0x00000b34   0x00000b34   0x00000060   Code   RO           28    pot                 pot_adc.o
    0x00000b94   0x00000b94   0x0000065c   Code   RO           59    screen              screen.o
    0x000011f0   0x000011f0   0x00000148   Code   RO           73    screen              screen_init.o
    0x00001338   0x00001338   0x0000028c   Code   RO           77    screen              screen_func.o
    0x000015c4   0x000015c4   0x00000014   Code   RO           32    subroutine          delay100.o
    0x000015d8   0x000015d8   0x00000014   Code   RO           70    subroutine          littledelay.o


    Execution Region ER_RW (Exec base: 0x20000000, Load base: 0x000015f0, Size: 0x00000400, Max: 0xffffffff, ABSOLUTE)

    Exec Addr    Load Addr    Size         Type   Attr      Idx    E Section Name        Object

    0x20000000   0x000015f0   0x00000400   Data   RW            1    STACK               startup.o


    Execution Region ER_ZI (Exec base: 0x20000400, Load base: 0x000019f0, Size: 0x00000000, Max: 0xffffffff, ABSOLUTE)

    **** No section assigned to this execution region ****


==============================================================================

Image component sizes


      Code (inc. data)   RO Data    RW Data    ZI Data      Debug   Object Name

        20          2          0          0          0        208   delay100.o
       196         52          0          0          0        412   dist_edge_init.o
       308         72          0          0          0        492   dist_pulse_init.o
       156         20          0          0          0        384   distance.o
       316         24          0          0          0        308   keypad.o
       196         62          0          0          0        400   keypad_init.o
        20          2          0          0          0        212   littledelay.o
       424         40          0          0          0        580   main.o
        92         26          0          0          0        384   motor_gpio_init.o
       148         40          0          0          0        400   motor_gptm_init.o
        40         10          0          0          0        364   motor_gptm_isr.o
        96         26          0          0          0        360   pot_adc.o
        84         22          0          0          0        372   pot_adc_init.o
       100         26          0          0          0        384   pot_gpio_init.o
      1628         12          0          0          0       1064   screen.o
       652        494          0          0          0        268   screen_func.o
       328         56          0          0          0        444   screen_init.o
       652        620          0       1024          0        852   startup.o
       148         52          0          0          0        384   switch_init.o

    ----------------------------------------------------------------------
      5604       1658          0       1024          0       8272   Object Totals
         0          0          0          0          0          0   (incl. Generated)
         0          0          0          0          0          0   (incl. Padding)

    ----------------------------------------------------------------------

      Code (inc. data)   RO Data    RW Data    ZI Data      Debug   Library Member Name

         6          0          0          0          0        152   heapauxi.o

    ----------------------------------------------------------------------
         8          0          0          0          0        152   Library Totals
         2          0          0          0          0          0   (incl. Padding)

    ----------------------------------------------------------------------

      Code (inc. data)   RO Data    RW Data    ZI Data      Debug   Library Name

         6          0          0          0          0        152   c_w.l

    ----------------------------------------------------------------------
         8          0          0          0          0        152   Library Totals

    ----------------------------------------------------------------------

==============================================================================


      Code (inc. data)   RO Data    RW Data    ZI Data      Debug   

      5612       1658          0       1024          0       7024   Grand Totals
      5612       1658          0       1024          0       7024   ELF Image Totals
      5612       1658          0       1024          0          0   ROM Totals

==============================================================================

    Total RO  Size (Code + RO Data)                 5612 (   5.48kB)
    Total RW  Size (RW Data + ZI Data)              1024 (   1.00kB)
    Total ROM Size (Code + RO Data + RW Data)       6636 (   6.48kB)

==============================================================================

